2026-05-22 11:45:49,393 INFO o.a.j.u.JMeterUtils: Setting Locale to en_EN
2026-05-22 11:45:49,400 INFO o.a.j.JMeter: Loading user properties from: user.properties
2026-05-22 11:45:49,400 INFO o.a.j.JMeter: Loading system properties from: system.properties
2026-05-22 11:45:49,404 INFO o.a.j.JMeter: Copyright (c) 1998-2024 The Apache Software Foundation
2026-05-22 11:45:49,404 INFO o.a.j.JMeter: Version 5.6.3
2026-05-22 11:45:49,404 INFO o.a.j.JMeter: java.version=1.8.0_471
2026-05-22 11:45:49,404 INFO o.a.j.JMeter: java.vm.name=Java HotSpot(TM) 64-Bit Server VM
2026-05-22 11:45:49,404 INFO o.a.j.JMeter: os.name=Windows 11
2026-05-22 11:45:49,404 INFO o.a.j.JMeter: os.arch=amd64
2026-05-22 11:45:49,404 INFO o.a.j.JMeter: os.version=10.0
2026-05-22 11:45:49,404 INFO o.a.j.JMeter: file.encoding=Cp1252
2026-05-22 11:45:49,404 INFO o.a.j.JMeter: java.awt.headless=true
2026-05-22 11:45:49,404 INFO o.a.j.JMeter: Max memory     =1073741824
2026-05-22 11:45:49,404 INFO o.a.j.JMeter: Available Processors =16
2026-05-22 11:45:49,406 INFO o.a.j.JMeter: Default Locale=English (EN)
2026-05-22 11:45:49,407 INFO o.a.j.JMeter: JMeter  Locale=English (EN)
2026-05-22 11:45:49,407 INFO o.a.j.JMeter: JMeterHome=C:\jmeter
2026-05-22 11:45:49,407 INFO o.a.j.JMeter: user.dir  =C:\jmeter\bin
2026-05-22 11:45:49,407 INFO o.a.j.JMeter: PWD       =C:\jmeter\bin
2026-05-22 11:45:49,416 INFO o.a.j.JMeter: IP: 172.26.105.133 Name: asusfx517z FullName: 172.26.105.133
2026-05-22 11:45:49,426 INFO o.a.j.s.FileServer: Default base='C:\jmeter\bin'
2026-05-22 11:45:49,427 INFO o.a.j.s.FileServer: Set new base='C:\Users\Utilizador\Desktop\ASID\jmeter'
2026-05-22 11:45:49,500 INFO o.a.j.s.SaveService: Testplan (JMX) version: 2.2. Testlog (JTL) version: 2.2
2026-05-22 11:45:49,515 INFO o.a.j.s.SaveService: Using SaveService properties file encoding UTF-8
2026-05-22 11:45:49,517 INFO o.a.j.s.SaveService: Using SaveService properties version 5.0
2026-05-22 11:45:49,521 INFO o.a.j.s.SaveService: Loading file: C:\Users\Utilizador\Desktop\ASID\jmeter\bookstore-monolith.jmx
2026-05-22 11:45:49,558 INFO o.a.j.p.h.s.HTTPSamplerBase: Parser for text/html is org.apache.jmeter.protocol.http.parser.LagartoBasedHtmlParser
2026-05-22 11:45:49,559 INFO o.a.j.p.h.s.HTTPSamplerBase: Parser for application/xhtml+xml is org.apache.jmeter.protocol.http.parser.LagartoBasedHtmlParser
2026-05-22 11:45:49,559 INFO o.a.j.p.h.s.HTTPSamplerBase: Parser for application/xml is org.apache.jmeter.protocol.http.parser.LagartoBasedHtmlParser
2026-05-22 11:45:49,559 INFO o.a.j.p.h.s.HTTPSamplerBase: Parser for text/xml is org.apache.jmeter.protocol.http.parser.LagartoBasedHtmlParser
2026-05-22 11:45:49,559 INFO o.a.j.p.h.s.HTTPSamplerBase: Parser for text/vnd.wap.wml is org.apache.jmeter.protocol.http.parser.RegexpHTMLParser
2026-05-22 11:45:49,559 INFO o.a.j.p.h.s.HTTPSamplerBase: Parser for text/css is org.apache.jmeter.protocol.http.parser.CssParser
2026-05-22 11:45:49,705 INFO o.a.j.JMeter: Creating summariser <summary>
2026-05-22 11:45:49,719 INFO o.a.j.e.StandardJMeterEngine: Running the test!
2026-05-22 11:45:49,719 INFO o.a.j.s.SampleEvent: List of sample_variables: []
2026-05-22 11:45:49,719 INFO o.a.j.s.SampleEvent: List of sample_variables: []
2026-05-22 11:45:49,723 INFO o.a.j.e.u.CompoundVariable: Note: Function class names must contain the string: '.functions.'
2026-05-22 11:45:49,723 INFO o.a.j.e.u.CompoundVariable: Note: Function class names must not contain the string: '.gui.'
2026-05-22 11:45:49,875 INFO o.a.j.JMeter: Running test (1779446749875)
2026-05-22 11:45:49,902 INFO o.a.j.e.StandardJMeterEngine: Starting ThreadGroup: 1 : Browse Books
2026-05-22 11:45:49,902 INFO o.a.j.e.StandardJMeterEngine: Starting 10 threads for group Browse Books.
2026-05-22 11:45:49,902 INFO o.a.j.e.StandardJMeterEngine: Thread will continue on error
2026-05-22 11:45:49,902 INFO o.a.j.t.ThreadGroup: Starting thread group... number=1 threads=10 ramp-up=10 delayedStart=false
2026-05-22 11:45:49,907 INFO o.a.j.t.JMeterThread: Thread started: Browse Books 1-1
2026-05-22 11:45:49,908 INFO o.a.j.t.ThreadGroup: Started thread group number 1
2026-05-22 11:45:49,908 INFO o.a.j.e.StandardJMeterEngine: All thread groups have been started
2026-05-22 11:45:49,917 INFO o.a.j.p.h.s.HTTPHCAbstractImpl: Local host = asusfx517z
2026-05-22 11:45:49,922 INFO o.a.j.p.h.s.HTTPHC4Impl: HTTP request retry count = 0
2026-05-22 11:45:49,922 INFO o.a.j.s.SampleResult: Note: Sample TimeStamps are START times
2026-05-22 11:45:49,922 INFO o.a.j.s.SampleResult: sampleresult.default.encoding is set to UTF-8
2026-05-22 11:45:49,923 INFO o.a.j.s.SampleResult: sampleresult.useNanoTime=true
2026-05-22 11:45:49,923 INFO o.a.j.s.SampleResult: sampleresult.nanoThreadSleep=5000
2026-05-22 11:45:50,080 INFO o.a.j.t.JMeterThread: Thread is done: Browse Books 1-1
2026-05-22 11:45:50,080 INFO o.a.j.t.JMeterThread: Thread finished: Browse Books 1-1
2026-05-22 11:45:50,905 INFO o.a.j.t.JMeterThread: Thread started: Browse Books 1-2
2026-05-22 11:45:50,971 INFO o.a.j.t.JMeterThread: Thread is done: Browse Books 1-2
2026-05-22 11:45:50,972 INFO o.a.j.t.JMeterThread: Thread finished: Browse Books 1-2
2026-05-22 11:45:51,904 INFO o.a.j.t.JMeterThread: Thread started: Browse Books 1-3
2026-05-22 11:45:51,988 INFO o.a.j.t.JMeterThread: Thread is done: Browse Books 1-3
2026-05-22 11:45:51,989 INFO o.a.j.t.JMeterThread: Thread finished: Browse Books 1-3
2026-05-22 11:45:52,905 INFO o.a.j.t.JMeterThread: Thread started: Browse Books 1-4
2026-05-22 11:45:52,969 INFO o.a.j.t.JMeterThread: Thread is done: Browse Books 1-4
2026-05-22 11:45:52,969 INFO o.a.j.t.JMeterThread: Thread finished: Browse Books 1-4
2026-05-22 11:45:53,904 INFO o.a.j.t.JMeterThread: Thread started: Browse Books 1-5
2026-05-22 11:45:53,985 INFO o.a.j.t.JMeterThread: Thread is done: Browse Books 1-5
2026-05-22 11:45:53,985 INFO o.a.j.t.JMeterThread: Thread finished: Browse Books 1-5
2026-05-22 11:45:54,903 INFO o.a.j.t.JMeterThread: Thread started: Browse Books 1-6
2026-05-22 11:45:54,973 INFO o.a.j.t.JMeterThread: Thread is done: Browse Books 1-6
2026-05-22 11:45:54,973 INFO o.a.j.t.JMeterThread: Thread finished: Browse Books 1-6
2026-05-22 11:45:55,903 INFO o.a.j.t.JMeterThread: Thread started: Browse Books 1-7
2026-05-22 11:45:55,979 INFO o.a.j.t.JMeterThread: Thread is done: Browse Books 1-7
2026-05-22 11:45:55,979 INFO o.a.j.t.JMeterThread: Thread finished: Browse Books 1-7
2026-05-22 11:45:56,904 INFO o.a.j.t.JMeterThread: Thread started: Browse Books 1-8
2026-05-22 11:45:56,982 INFO o.a.j.t.JMeterThread: Thread is done: Browse Books 1-8
2026-05-22 11:45:56,982 INFO o.a.j.t.JMeterThread: Thread finished: Browse Books 1-8
2026-05-22 11:45:57,903 INFO o.a.j.t.JMeterThread: Thread started: Browse Books 1-9
2026-05-22 11:45:57,980 INFO o.a.j.t.JMeterThread: Thread is done: Browse Books 1-9
2026-05-22 11:45:57,981 INFO o.a.j.t.JMeterThread: Thread finished: Browse Books 1-9
2026-05-22 11:45:58,903 INFO o.a.j.t.JMeterThread: Thread started: Browse Books 1-10
2026-05-22 11:45:58,980 INFO o.a.j.t.JMeterThread: Thread is done: Browse Books 1-10
2026-05-22 11:45:58,980 INFO o.a.j.t.JMeterThread: Thread finished: Browse Books 1-10
2026-05-22 11:45:58,980 INFO o.a.j.e.StandardJMeterEngine: Notifying test listeners of end of test
2026-05-22 11:45:58,981 INFO o.a.j.r.Summariser: summary =    200 in 00:00:09 =   22.0/s Avg:     3 Min:     2 Max:    29 Err:   100 (50.00%)
